// Jest Snapshot v1, https://goo.gl/fbAQLP

exports[`Home component should render right thing and don't change unexpected 1`] = `
<div
  className="App container"
>
  <div
    className="App-header"
  >
    <img
      alt="logo"
      className="App-logo"
      src="/assets/images/logo.svg"
    />
    <h2>
      Welcome 
      
       to FCC VOTING APP
    </h2>
  </div>
  <p
    className="App-intro"
  >
    <span>
      There is no votes yet.
      <br />
    </span>
    <a
      href="/vote/new"
      onClick={[Function]}
    >
      <button
        className="ant-btn add-vote ant-btn-primary"
        onClick={[Function]}
        type="button"
      >
        <i
          className="anticon anticon-file-add"
        />
        <span>
          Add a new vote
        </span>
      </button>
    </a>
  </p>
  <div
    className="App-votes"
  >
    <div
      className="ant-row"
      style={
        Object {
          "marginLeft": -8,
          "marginRight": -8,
        }
      }
    />
  </div>
</div>
`;
