// Jest Snapshot v1, https://goo.gl/fbAQLP

exports[`Home component should render right thing and don't change unexpected 1`] = `
<div
  className="App container"
>
  <div
    className="App-header"
  >
    <img
      alt="logo"
      className="App-logo"
      src="/assets/images/logo.svg"
    />
    <h2>
      Welcome 
      
       to FCC VOTING APP
    </h2>
  </div>
  <p
    className="App-intro"
  >
    <span>
      There is no votes yet.
      <br />
    </span>
  </p>
  <div
    className="App-votes"
  >
    <div
      className="ant-row-flex"
      style={
        Object {
          "marginLeft": -8,
          "marginRight": -8,
        }
      }
    />
  </div>
</div>
`;
